#-----------------------------------------------------------
# Vivado v2023.1 (64-bit)
# SW Build 3865809 on Sun May  7 15:04:56 MDT 2023
# IP Build 3864474 on Sun May  7 20:36:21 MDT 2023
# SharedData Build 3865790 on Sun May 07 13:33:03 MDT 2023
# Start of session at: Sun Apr  5 02:58:52 2026
# Process ID: 47676
# Current directory: /dfs/usrhome/twipaa/Documents/big_ram/ZW02a-25_FYP_repo/FPGA/FPGA.runs/extern_bram_synth_1
# Command line: vivado -log extern_bram.vds -product Vivado -mode batch -messageDb vivado.pb -notrace -source extern_bram.tcl
# Log file: /dfs/usrhome/twipaa/Documents/big_ram/ZW02a-25_FYP_repo/FPGA/FPGA.runs/extern_bram_synth_1/extern_bram.vds
# Journal file: /dfs/usrhome/twipaa/Documents/big_ram/ZW02a-25_FYP_repo/FPGA/FPGA.runs/extern_bram_synth_1/vivado.jou
# Running On: ecelvd713.ece.local, OS: Linux, CPU Frequency: 2593.905 MHz, CPU Physical cores: 32, Host memory: 270292 MB
#-----------------------------------------------------------
source extern_bram.tcl -notrace
