Nothing to build in platform 'Zedboard'

01:50:08 **** Incremental Build of configuration Debug for project uart_communication ****
make all 
make --no-print-directory pre-build
a9-linaro-pre-build-step
 
make --no-print-directory main-build
Building file: ../src/data_transfer.c
Invoking: ARM v7 gcc compiler
arm-none-eabi-gcc -Wall -O0 -g3 -c -fmessage-length=0 -MT"src/data_transfer.o" -mcpu=cortex-a9 -mfpu=vfpv3 -mfloat-abi=hard -I/dfs/usrhome/twipaa/Documents/uart/ZW02a-25_FYP_repo/UART/Zedboard/export/Zedboard/sw/Zedboard/standalone_domain/bspinclude/include -MMD -MP -MF"src/data_transfer.d" -MT"src/data_transfer.o" -o "src/data_transfer.o" "../src/data_transfer.c"
Finished building: ../src/data_transfer.c
 
Building target: uart_communication.elf
Invoking: ARM v7 gcc linker
arm-none-eabi-gcc -mcpu=cortex-a9 -mfpu=vfpv3 -mfloat-abi=hard -Wl,-build-id=none -specs=Xilinx.spec -Wl,-T -Wl,../src/lscript.ld -L/dfs/usrhome/twipaa/Documents/uart/ZW02a-25_FYP_repo/UART/Zedboard/export/Zedboard/sw/Zedboard/standalone_domain/bsplib/lib -o "uart_communication.elf"  ./src/data_transfer.o ./src/platform.o   -Wl,--start-group,-lxil,-lgcc,-lc,--end-group
Finished building target: uart_communication.elf
 
Invoking: ARM v7 Print Size
arm-none-eabi-size uart_communication.elf  |tee "uart_communication.elf.size"
   text	   data	    bss	    dec	    hex	filename
  24242	   2200	 166008	 192450	  2efc2	uart_communication.elf
Finished building: uart_communication.elf.size
 
